============== Graph Print ===============
	Stats: 	8	6	5

Nodes:
Node (0) : Adam --- Node (1) : James --- Node (2) : Tank
Node (3) : Jack --- Node (4) : Jack2 --- Node (5) : Jack3


Edges:
[(4) : Jack2] ---(5)---> [(5) : Jack3]
[(3) : Jack] ---(4)---> [(4) : Jack2]
[(2) : Tank] ---(3)---> [(3) : Jack]
[(1) : James] ---(2)---> [(2) : Tank]
[(0) : Adam] ---(1)---> [(1) : James]
============ End Graph Print =============
